// Jest Snapshot v1, https://goo.gl/fbAQLP

exports[`should render ExpenseListItem with data 1`] = `
<div>
  <h3>
    <Link
      replace={false}
      to="/edit/1"
    >
      Rent
    </Link>
  </h3>
  <p>
    100
     - 
    1970-01-01T00:00:00+00:00
  </p>
</div>
`;
