// Jest Snapshot v1, https://goo.gl/fbAQLP

exports[`should render ExpenseList with empty message 1`] = `
<div>
  <h1>
    ExpenseList
  </h1>
  <p>
    No Expenses
  </p>
</div>
`;

exports[`should render ExpenseList with expenses 1`] = `
<div>
  <h1>
    ExpenseList
  </h1>
  <ExpenseListItem
    amount={100}
    createdAt={0}
    description="Rent"
    id="1"
    key="1"
    note="My note"
  />
  <ExpenseListItem
    amount={50}
    createdAt={-345600000}
    description="Gum"
    id="2"
    key="2"
    note=""
  />
  <ExpenseListItem
    amount={50000000}
    createdAt={345600000}
    description="Car"
    id="3"
    key="3"
    note="Renault"
  />
</div>
`;
