// Jest Snapshot v1, https://goo.gl/fbAQLP

exports[`should render correctly 1`] = `
<div
  className="login-page"
>
  <button
    className="login"
    onClick={[MockFunction]}
  >
    Login
  </button>
</div>
`;
